I'm sorry, but errors were detected in your script. Please correct the
errors listed below, and try again.


File "game/script.rpy", line 23: invalid syntax
    define MC = renpy.input("What is Your Name?")
            ^

File "game/script.rpy", line 24: invalid syntax
    define LN = renpy.input("What is your last name?")
            ^

Ren'Py Version: Ren'Py 8.3.4.24120703
Thu May  1 23:32:12 2025
